<?xml version="1.0" encoding="UTF-8"?>
<testsuites name="jest tests" tests="2" failures="0" errors="0" time="0.389">
  <testsuite name="my sample test" errors="0" failures="0" skipped="0" timestamp="2022-09-20T23:17:00" time="0.156" tests="2">
    <testcase classname="my sample test one is one" name="my sample test one is one" time="0.001">
    </testcase>
    <testcase classname="my sample test another" name="my sample test another" time="0.001">
    </testcase>
  </testsuite>
</testsuites>